main.c:105:6:HAL_TIM_PWM_PulseFinishedCallback	16	static
main.c:110:6:Set_LED	24	static
main.c:117:13:Set_Brightness	40	static
main.c:135:13:WS2812_Send	32	static
main.c:167:6:Reset_LED	16	static
main.c:178:16:rainbow_effect_left	40	static
main.c:208:16:rainbow_effect_right	40	static
main.c:247:13:color_effect	24	static
main.c:260:6:map	32	static
main.c:258:13:voiceControl	32	static
main.c:272:13:scroll_effect	24	static
main.c:296:6:HAL_UARTEx_RxEventCallback	24	static
main.c:322:5:main	8	static
main.c:401:6:SystemClock_Config	72	static
main.c:439:13:MX_TIM3_Init	48	static
main.c:488:13:MX_USART1_UART_Init	8	static
main.c:519:13:MX_DMA_Init	16	static
main.c:540:13:MX_GPIO_Init	24	static
main.c:559:6:Error_Handler	4	static
