main.c:103:6:HAL_TIM_PWM_PulseFinishedCallback	16	static
main.c:109:6:Set_LED	24	static
main.c:117:13:Set_Brightness	40	static
main.c:137:13:WS2812_Send	32	static
main.c:170:6:Reset_LED	16	static
main.c:181:16:rainbow_effect_left	40	static
main.c:211:16:rainbow_effect_right	40	static
main.c:252:13:white_effect	16	static
main.c:258:13:color_effect	24	static
main.c:270:13:scroll_effect	24	static
main.c:309:6:HAL_UARTEx_RxEventCallback	24	static
main.c:335:5:main	8	static
main.c:413:6:SystemClock_Config	72	static
main.c:451:13:MX_TIM3_Init	48	static
main.c:500:13:MX_USART1_UART_Init	8	static
main.c:531:13:MX_DMA_Init	16	static
main.c:552:13:MX_GPIO_Init	24	static
main.c:571:6:Error_Handler	4	static
